<!DOCTYPE html>
<html lang="en" data-bs-theme="dark">
<head>
    <meta charset="UTF-8">
    <meta name="description" content="Forecasts MLB The Show 24 card values">
    <meta name="viewport" content="width=device-width, initial-scale=1">
    <title>MLB The Show 24 Forecaster</title>
    <link href="https://cdn.jsdelivr.net/npm/bootstrap@5.3.2/dist/css/bootstrap.min.css" rel="stylesheet"
          integrity="sha384-T3c6CoIi6uLrA9TneNEoa7RxnatzjcDSCmG1MXxSR1GAsXEV/Dwwykc2MPK8M2HN" crossorigin="anonymous">
</head>
<body>
<div class="container text-center mb-5">
    <h1>MLB The Show 24 Forecaster</h1>
</div>
<div class="container">
    <div class="row row-cols-1 row-cols-sm-2 g-3">
        <div class="col">
            <h2 class="text-success">
                <svg xmlns="http://www.w3.org/2000/svg" width="16" height="16" fill="currentColor"
                     class="bi bi-graph-up-arrow" viewBox="0 0 16 16">
                    <path fill-rule="evenodd"
                          d="M0 0h1v15h15v1H0zm10 3.5a.5.5 0 0 1 .5-.5h4a.5.5 0 0 1 .5.5v4a.5.5 0 0 1-1 0V4.9l-3.613 4.417a.5.5 0 0 1-.74.037L7.06 6.767l-3.656 5.027a.5.5 0 0 1-.808-.588l4-5.5a.5.5 0 0 1 .758-.06l2.609 2.61L13.445 4H10.5a.5.5 0 0 1-.5-.5"/>
                </svg>
                Projected Gainers
            </h2>
            <table class="table table-striped table-hover">
                <thead>
                <tr>
                    <th scope="col">Name</th>
                    <th scope="col">Changes</th>
                </tr>
                </thead>
                <tbody>
                <tr>
                    <th scope="row">
                        <a href="https://mlb24.theshow.com/items/00000000000000000000000000000001" target="_blank">n1</a>
                    </th>
                    <td><span class="badge text-bg-success" data-toggle="tooltip" title="">Batting 150.0%</span>&nbsp;<span class="badge text-bg-success" data-toggle="tooltip" title="">Fielding 150.0%</span>&nbsp;<span class="badge text-bg-success" data-toggle="tooltip" title="Blasted a walk-off home run to cap off an Astros comeback on 8/19.">Boost</span>&nbsp;<span class="badge text-bg-success" data-toggle="tooltip" title="">OVR 60 > 80</span>&nbsp;<span class="badge text-bg-success" data-toggle="tooltip" title="">Pos RF > LF</span>&nbsp;</td>
                </tr><tr>
                    <th scope="row">
                        <a href="https://mlb24.theshow.com/items/00000000000000000000000000000002" target="_blank">n2</a>
                    </th>
                    <td><span class="badge text-bg-success" data-toggle="tooltip" title="">Pitching 150.0%</span>&nbsp;<span class="badge text-bg-success" data-toggle="tooltip" title="">PlayerActivation</span>&nbsp;<span class="badge text-bg-success" data-toggle="tooltip" title="">PlayerTeamSigning</span>&nbsp;</td>
                </tr>
                </tbody>
            </table>
        </div>

        <div class="col">
            <h2 class="text-danger">
                <svg xmlns="http://www.w3.org/2000/svg" width="16" height="16" fill="currentColor"
                     class="bi bi-graph-down-arrow" viewBox="0 0 16 16">
                    <path fill-rule="evenodd"
                          d="M0 0h1v15h15v1H0zm10 11.5a.5.5 0 0 0 .5.5h4a.5.5 0 0 0 .5-.5v-4a.5.5 0 0 0-1 0v2.6l-3.613-4.417a.5.5 0 0 0-.74-.037L7.06 8.233 3.404 3.206a.5.5 0 0 0-.808.588l4 5.5a.5.5 0 0 0 .758.06l2.609-2.61L13.445 11H10.5a.5.5 0 0 0-.5.5"/>
                </svg>
                Projected Losers
            </h2>
            <table class="table table-striped table-hover">
                <thead>
                <tr>
                    <th scope="col">Name</th>
                    <th scope="col">Changes</th>
                </tr>
                </thead>
                <tbody>
                <tr>
                    <th scope="row">
                        <a href="https://mlb24.theshow.com/items/00000000000000000000000000000003" target="_blank">n3</a>
                    </th>
                    <td><span class="badge text-bg-danger" data-toggle="tooltip" title="">Batting -60.0%</span>&nbsp;<span class="badge text-bg-danger" data-toggle="tooltip" title="">Fielding -60.0%</span>&nbsp;</td>
                </tr><tr>
                    <th scope="row">
                        <a href="https://mlb24.theshow.com/items/00000000000000000000000000000004" target="_blank">n4</a>
                    </th>
                    <td><span class="badge text-bg-danger" data-toggle="tooltip" title="">Pitching -60.0%</span>&nbsp;<span class="badge text-bg-danger" data-toggle="tooltip" title="">PlayerFreeAgency</span>&nbsp;<span class="badge text-bg-danger" data-toggle="tooltip" title="">PlayerDeactivation</span>&nbsp;</td>
                </tr>
                </tbody>
            </table>
        </div>
    </div>
</div>
<script src="https://cdn.jsdelivr.net/npm/bootstrap@5.3.2/dist/js/bootstrap.bundle.min.js"
        integrity="sha384-C6RzsynM9kWDrMNeT87bh95OGNyZPhcTNXj1NW7RuBCsyN/o0jlpcV8Qyq46cDfL"
        crossorigin="anonymous"></script>
</body>
</html>